module CastlePavingSlab
resolved_hash d4ca7d6611457ccf
lod 0
lod_count 1
texture_size 256
vertices 24
triangles 12
charts 6
atlas 256
inlined_subtree_refs 0
skipped_subtree_refs 0
material mat_9 9 12
map albedo 0b6917089dda3b56
map normal 2cb79b540db2b1f6
map roughness 916003147a616eb4
map metallic e1f3cdd36ed438d4
map ao 872cc60622a338d4
